---
source: crates/tautcore-layout/src/layout/hierarchical/mod.rs
expression: "serde_json::json!(frames.iter().map(|(id, f)|\nserde_json::json!({\n    \"id\": id, \"x\": f.x, \"y\": f.y, \"w\": f.width, \"h\": f.height,\n})).collect::<Vec<_>>())"
---
[
  {
    "h": 32.0,
    "id": "confirm",
    "w": 80.0,
    "x": 152.0,
    "y": 72.0
  },
  {
    "h": 32.0,
    "id": "pick",
    "w": 80.0,
    "x": 304.0,
    "y": 144.0
  },
  {
    "h": 32.0,
    "id": "place_order",
    "w": 80.0,
    "x": 0.0,
    "y": 0.0
  },
  {
    "h": 32.0,
    "id": "ship",
    "w": 80.0,
    "x": 304.0,
    "y": 216.0
  }
]
