---
source: crates/plotgram-compile/tests/debug_trace.rs
assertion_line: 42
expression: trace_json(FIXTURE)
---
{
  "common": {
    "edges": [
      {
        "edge_id": "e0",
        "path": [
          {
            "x": 60.22222222222222,
            "y": 30.900000000000002
          },
          {
            "x": 60.22222222222222,
            "y": 50.900000000000006
          },
          {
            "x": 20.0,
            "y": 50.900000000000006
          },
          {
            "x": 20.0,
            "y": 70.9
          }
        ],
        "source": "a",
        "target": "b"
      },
      {
        "edge_id": "e1",
        "path": [
          {
            "x": 20.0,
            "y": 101.80000000000001
          },
          {
            "x": 20.0,
            "y": 141.8
          }
        ],
        "source": "b",
        "target": "c"
      },
      {
        "edge_id": "e2",
        "path": [
          {
            "x": 20.0,
            "y": 172.70000000000002
          },
          {
            "x": 20.0,
            "y": 192.70000000000002
          },
          {
            "x": 60.22222222222222,
            "y": 192.70000000000002
          },
          {
            "x": 60.22222222222222,
            "y": 212.70000000000002
          }
        ],
        "source": "c",
        "target": "d"
      },
      {
        "edge_id": "e3",
        "path": [
          {
            "x": 70.22222222222223,
            "y": 30.900000000000002
          },
          {
            "x": 70.22222222222223,
            "y": 50.900000000000006
          },
          {
            "x": 64.0,
            "y": 50.900000000000006
          },
          {
            "x": 64.0,
            "y": 177.25
          },
          {
            "x": 70.22222222222223,
            "y": 177.25
          },
          {
            "x": 70.22222222222223,
            "y": 212.70000000000002
          }
        ],
        "source": "a",
        "target": "d"
      },
      {
        "edge_id": "e4",
        "path": [
          {
            "x": 80.22222222222223,
            "y": 212.70000000000002
          },
          {
            "x": 80.22222222222223,
            "y": 177.25
          },
          {
            "x": 88.0,
            "y": 177.25
          },
          {
            "x": 88.0,
            "y": 50.900000000000006
          },
          {
            "x": 80.22222222222223,
            "y": 50.900000000000006
          },
          {
            "x": 80.22222222222223,
            "y": 30.900000000000002
          }
        ],
        "source": "d",
        "target": "a"
      },
      {
        "edge_id": "e5",
        "path": [
          {
            "x": 40.0,
            "y": 80.17
          },
          {
            "x": 64.0,
            "y": 80.17
          },
          {
            "x": 64.0,
            "y": 92.53
          },
          {
            "x": 40.0,
            "y": 92.53
          }
        ],
        "source": "b",
        "target": "b"
      }
    ],
    "groups": [
      {
        "frame": null,
        "frame_source": "none",
        "group_id": "outer"
      },
      {
        "frame": null,
        "frame_source": "none",
        "group_id": "inner",
        "parent": "outer"
      }
    ],
    "nodes": [
      {
        "center": {
          "x": 70.22222222222223,
          "y": 228.15000000000003
        },
        "frame": {
          "height": 30.900000000000006,
          "width": 40.0,
          "x": 50.22222222222222,
          "y": 212.70000000000002
        },
        "id": "d"
      },
      {
        "center": {
          "x": 20.0,
          "y": 157.25
        },
        "frame": {
          "height": 30.900000000000006,
          "width": 40.0,
          "x": 0.0,
          "y": 141.8
        },
        "id": "c"
      },
      {
        "center": {
          "x": 70.22222222222223,
          "y": 15.450000000000001
        },
        "frame": {
          "height": 30.900000000000002,
          "width": 40.0,
          "x": 50.22222222222222,
          "y": 0.0
        },
        "id": "a"
      },
      {
        "center": {
          "x": 20.0,
          "y": 86.35000000000001
        },
        "frame": {
          "height": 30.900000000000006,
          "width": 40.0,
          "x": 0.0,
          "y": 70.9
        },
        "id": "b"
      }
    ]
  },
  "extension": {
    "channels": null,
    "edge_plans": [
      {
        "dummy_chain": [],
        "edge_id": "e0",
        "original": {
          "source": "a",
          "target": "b"
        },
        "reversed": false,
        "segments": [
          {
            "from": {
              "id": "a",
              "type": "real"
            },
            "ordinal": 0,
            "to": {
              "id": "b",
              "type": "real"
            }
          }
        ],
        "working": {
          "source": "a",
          "target": "b"
        }
      },
      {
        "dummy_chain": [],
        "edge_id": "e1",
        "original": {
          "source": "b",
          "target": "c"
        },
        "reversed": false,
        "segments": [
          {
            "from": {
              "id": "b",
              "type": "real"
            },
            "ordinal": 0,
            "to": {
              "id": "c",
              "type": "real"
            }
          }
        ],
        "working": {
          "source": "b",
          "target": "c"
        }
      },
      {
        "dummy_chain": [],
        "edge_id": "e2",
        "original": {
          "source": "c",
          "target": "d"
        },
        "reversed": false,
        "segments": [
          {
            "from": {
              "id": "c",
              "type": "real"
            },
            "ordinal": 0,
            "to": {
              "id": "d",
              "type": "real"
            }
          }
        ],
        "working": {
          "source": "c",
          "target": "d"
        }
      },
      {
        "dummy_chain": [
          {
            "kind": "long-edge",
            "ordinal": 0,
            "owner_edge": "e3",
            "type": "virtual"
          },
          {
            "kind": "long-edge",
            "ordinal": 1,
            "owner_edge": "e3",
            "type": "virtual"
          }
        ],
        "edge_id": "e3",
        "original": {
          "source": "a",
          "target": "d"
        },
        "reversed": false,
        "segments": [
          {
            "from": {
              "id": "a",
              "type": "real"
            },
            "ordinal": 0,
            "to": {
              "kind": "long-edge",
              "ordinal": 0,
              "owner_edge": "e3",
              "type": "virtual"
            }
          },
          {
            "from": {
              "kind": "long-edge",
              "ordinal": 0,
              "owner_edge": "e3",
              "type": "virtual"
            },
            "ordinal": 1,
            "to": {
              "kind": "long-edge",
              "ordinal": 1,
              "owner_edge": "e3",
              "type": "virtual"
            }
          },
          {
            "from": {
              "kind": "long-edge",
              "ordinal": 1,
              "owner_edge": "e3",
              "type": "virtual"
            },
            "ordinal": 2,
            "to": {
              "id": "d",
              "type": "real"
            }
          }
        ],
        "working": {
          "source": "a",
          "target": "d"
        }
      },
      {
        "dummy_chain": [
          {
            "kind": "long-edge",
            "ordinal": 1,
            "owner_edge": "e4",
            "type": "virtual"
          },
          {
            "kind": "long-edge",
            "ordinal": 0,
            "owner_edge": "e4",
            "type": "virtual"
          }
        ],
        "edge_id": "e4",
        "original": {
          "source": "d",
          "target": "a"
        },
        "reversed": true,
        "segments": [
          {
            "from": {
              "id": "a",
              "type": "real"
            },
            "ordinal": 0,
            "to": {
              "kind": "long-edge",
              "ordinal": 0,
              "owner_edge": "e4",
              "type": "virtual"
            }
          },
          {
            "from": {
              "kind": "long-edge",
              "ordinal": 0,
              "owner_edge": "e4",
              "type": "virtual"
            },
            "ordinal": 1,
            "to": {
              "kind": "long-edge",
              "ordinal": 1,
              "owner_edge": "e4",
              "type": "virtual"
            }
          },
          {
            "from": {
              "kind": "long-edge",
              "ordinal": 1,
              "owner_edge": "e4",
              "type": "virtual"
            },
            "ordinal": 2,
            "to": {
              "id": "d",
              "type": "real"
            }
          }
        ],
        "working": {
          "source": "a",
          "target": "d"
        }
      },
      {
        "dummy_chain": [],
        "edge_id": "e5",
        "note": "self-loop",
        "original": {
          "source": "b",
          "target": "b"
        },
        "reversed": false,
        "segments": [],
        "working": {
          "source": "b",
          "target": "b"
        }
      }
    ],
    "elems": [
      {
        "center": {
          "x": 70.22222222222223,
          "y": 228.15000000000003
        },
        "frame": {
          "height": 30.900000000000006,
          "width": 40.0,
          "x": 50.22222222222222,
          "y": 212.70000000000002
        },
        "group_path": [],
        "key": {
          "id": "d",
          "type": "real"
        },
        "kind_tags": [
          "real"
        ],
        "order": 0,
        "rank": 3
      },
      {
        "center": {
          "x": 20.0,
          "y": 157.25
        },
        "frame": {
          "height": 30.900000000000006,
          "width": 40.0,
          "x": 0.0,
          "y": 141.8
        },
        "group_path": [
          "outer"
        ],
        "key": {
          "id": "c",
          "type": "real"
        },
        "kind_tags": [
          "real"
        ],
        "order": 0,
        "rank": 2
      },
      {
        "center": {
          "x": 70.22222222222223,
          "y": 15.450000000000001
        },
        "frame": {
          "height": 30.900000000000002,
          "width": 40.0,
          "x": 50.22222222222222,
          "y": 0.0
        },
        "group_path": [
          "outer",
          "inner"
        ],
        "key": {
          "id": "a",
          "type": "real"
        },
        "kind_tags": [
          "real"
        ],
        "order": 0,
        "rank": 0
      },
      {
        "center": {
          "x": 20.0,
          "y": 86.35000000000001
        },
        "frame": {
          "height": 30.900000000000006,
          "width": 40.0,
          "x": 0.0,
          "y": 70.9
        },
        "group_path": [
          "outer",
          "inner"
        ],
        "key": {
          "id": "b",
          "type": "real"
        },
        "kind_tags": [
          "real"
        ],
        "order": 0,
        "rank": 1
      },
      {
        "center": {
          "x": 64.0,
          "y": 70.9
        },
        "frame": {
          "height": 0.0,
          "width": 0.0,
          "x": 64.0,
          "y": 70.9
        },
        "group_path": [],
        "key": {
          "kind": "long-edge",
          "ordinal": 0,
          "owner_edge": "e3",
          "type": "virtual"
        },
        "kind_tags": [
          "virtual",
          "long-edge-dummy"
        ],
        "order": 1,
        "rank": 1
      },
      {
        "center": {
          "x": 64.0,
          "y": 141.8
        },
        "frame": {
          "height": 0.0,
          "width": 0.0,
          "x": 64.0,
          "y": 141.8
        },
        "group_path": [],
        "key": {
          "kind": "long-edge",
          "ordinal": 1,
          "owner_edge": "e3",
          "type": "virtual"
        },
        "kind_tags": [
          "virtual",
          "long-edge-dummy"
        ],
        "order": 1,
        "rank": 2
      },
      {
        "center": {
          "x": 88.0,
          "y": 70.9
        },
        "frame": {
          "height": 0.0,
          "width": 0.0,
          "x": 88.0,
          "y": 70.9
        },
        "group_path": [],
        "key": {
          "kind": "long-edge",
          "ordinal": 0,
          "owner_edge": "e4",
          "type": "virtual"
        },
        "kind_tags": [
          "virtual",
          "long-edge-dummy"
        ],
        "order": 2,
        "rank": 1
      },
      {
        "center": {
          "x": 88.0,
          "y": 141.8
        },
        "frame": {
          "height": 0.0,
          "width": 0.0,
          "x": 88.0,
          "y": 141.8
        },
        "group_path": [],
        "key": {
          "kind": "long-edge",
          "ordinal": 1,
          "owner_edge": "e4",
          "type": "virtual"
        },
        "kind_tags": [
          "virtual",
          "long-edge-dummy"
        ],
        "order": 2,
        "rank": 2
      }
    ],
    "kind": "hierarchical",
    "layers": [
      {
        "elem_keys": [
          {
            "id": "a",
            "type": "real"
          }
        ],
        "main_band": {
          "end": 30.900000000000002,
          "start": 0.0
        },
        "rank": 0
      },
      {
        "elem_keys": [
          {
            "id": "b",
            "type": "real"
          },
          {
            "kind": "long-edge",
            "ordinal": 0,
            "owner_edge": "e3",
            "type": "virtual"
          },
          {
            "kind": "long-edge",
            "ordinal": 0,
            "owner_edge": "e4",
            "type": "virtual"
          }
        ],
        "main_band": {
          "end": 101.80000000000001,
          "start": 70.9
        },
        "rank": 1
      },
      {
        "elem_keys": [
          {
            "id": "c",
            "type": "real"
          },
          {
            "kind": "long-edge",
            "ordinal": 1,
            "owner_edge": "e3",
            "type": "virtual"
          },
          {
            "kind": "long-edge",
            "ordinal": 1,
            "owner_edge": "e4",
            "type": "virtual"
          }
        ],
        "main_band": {
          "end": 172.70000000000002,
          "start": 141.8
        },
        "rank": 2
      },
      {
        "elem_keys": [
          {
            "id": "d",
            "type": "real"
          }
        ],
        "main_band": {
          "end": 243.60000000000002,
          "start": 212.70000000000002
        },
        "rank": 3
      }
    ],
    "metrics": {
      "layer_gap": 40.0,
      "node_gap": 24.0
    },
    "ports": [
      {
        "constraint": "free",
        "edge_id": "e0",
        "end": "source",
        "node": "a",
        "point": {
          "x": 60.22222222222222,
          "y": 30.900000000000002
        },
        "side": "S",
        "slot": 0
      },
      {
        "constraint": "free",
        "edge_id": "e0",
        "end": "target",
        "node": "b",
        "point": {
          "x": 20.0,
          "y": 70.9
        },
        "side": "N",
        "slot": 0
      },
      {
        "constraint": "free",
        "edge_id": "e1",
        "end": "source",
        "node": "b",
        "point": {
          "x": 20.0,
          "y": 101.80000000000001
        },
        "side": "S",
        "slot": 0
      },
      {
        "constraint": "free",
        "edge_id": "e1",
        "end": "target",
        "node": "c",
        "point": {
          "x": 20.0,
          "y": 141.8
        },
        "side": "N",
        "slot": 0
      },
      {
        "constraint": "free",
        "edge_id": "e2",
        "end": "source",
        "node": "c",
        "point": {
          "x": 20.0,
          "y": 172.70000000000002
        },
        "side": "S",
        "slot": 0
      },
      {
        "constraint": "free",
        "edge_id": "e2",
        "end": "target",
        "node": "d",
        "point": {
          "x": 60.22222222222222,
          "y": 212.70000000000002
        },
        "side": "N",
        "slot": 0
      },
      {
        "constraint": "free",
        "edge_id": "e3",
        "end": "source",
        "node": "a",
        "point": {
          "x": 70.22222222222223,
          "y": 30.900000000000002
        },
        "side": "S",
        "slot": 1
      },
      {
        "constraint": "free",
        "edge_id": "e3",
        "end": "target",
        "node": "d",
        "point": {
          "x": 70.22222222222223,
          "y": 212.70000000000002
        },
        "side": "N",
        "slot": 1
      },
      {
        "constraint": "free",
        "edge_id": "e4",
        "end": "source",
        "node": "d",
        "point": {
          "x": 80.22222222222223,
          "y": 212.70000000000002
        },
        "side": "N",
        "slot": 2
      },
      {
        "constraint": "free",
        "edge_id": "e4",
        "end": "target",
        "node": "a",
        "point": {
          "x": 80.22222222222223,
          "y": 30.900000000000002
        },
        "side": "S",
        "slot": 2
      }
    ]
  },
  "layout": "hierarchical",
  "notes": [
    "hierarchical: channel routing not implemented in this build"
  ],
  "orientation": "top-to-bottom",
  "schema_version": 1,
  "space": "physical"
}
