---
source: crates/plotgram-layout/tests/hierarchical_coordinates.rs
expression: "layout_json(graph, Size::new(120.0, 40.0))"
---
{
  "edges": [
    {
      "from_port": {
        "along": {
          "Ordered": {
            "count": 2,
            "order": 0
          }
        },
        "side": "south"
      },
      "id": "e0",
      "path": {
        "polyline": {
          "points": [
            {
              "x": 40.0,
              "y": 40.0
            },
            {
              "x": 40.0,
              "y": 76.0
            },
            {
              "x": 60.0,
              "y": 76.0
            },
            {
              "x": 60.0,
              "y": 96.0
            }
          ]
        }
      },
      "source": "a",
      "target": "b",
      "to_port": {
        "along": {
          "Ordered": {
            "count": 1,
            "order": 0
          }
        },
        "side": "north"
      }
    },
    {
      "from_port": {
        "along": {
          "Ordered": {
            "count": 1,
            "order": 0
          }
        },
        "side": "south"
      },
      "id": "e1",
      "path": {
        "polyline": {
          "points": [
            {
              "x": 60.0,
              "y": 136.0
            },
            {
              "x": 60.0,
              "y": 156.0
            },
            {
              "x": 74.39999999999999,
              "y": 156.0
            },
            {
              "x": 74.39999999999999,
              "y": 176.0
            }
          ]
        }
      },
      "source": "b",
      "target": "c",
      "to_port": {
        "along": {
          "Ordered": {
            "count": 1,
            "order": 0
          }
        },
        "side": "north"
      }
    },
    {
      "from_port": {
        "along": {
          "Ordered": {
            "count": 1,
            "order": 0
          }
        },
        "side": "south"
      },
      "id": "e2",
      "path": {
        "polyline": {
          "points": [
            {
              "x": 74.39999999999999,
              "y": 216.0
            },
            {
              "x": 74.39999999999999,
              "y": 252.0
            },
            {
              "x": 94.39999999999999,
              "y": 252.0
            },
            {
              "x": 94.39999999999999,
              "y": 272.0
            }
          ]
        }
      },
      "source": "c",
      "target": "d",
      "to_port": {
        "along": {
          "Ordered": {
            "count": 2,
            "order": 1
          }
        },
        "side": "north"
      }
    },
    {
      "from_port": {
        "along": {
          "Ordered": {
            "count": 2,
            "order": 1
          }
        },
        "side": "south"
      },
      "id": "e3",
      "path": {
        "polyline": {
          "points": [
            {
              "x": 80.0,
              "y": 40.0
            },
            {
              "x": 80.0,
              "y": 60.0
            },
            {
              "x": 139.0,
              "y": 60.0
            },
            {
              "x": 139.0,
              "y": 236.0
            },
            {
              "x": 54.39999999999999,
              "y": 236.0
            },
            {
              "x": 54.39999999999999,
              "y": 272.0
            }
          ]
        }
      },
      "source": "a",
      "target": "d",
      "to_port": {
        "along": {
          "Ordered": {
            "count": 2,
            "order": 0
          }
        },
        "side": "north"
      }
    }
  ],
  "nodes": [
    {
      "frame": {
        "height": 40.0,
        "width": 120.0,
        "x": 0.0,
        "y": 0.0
      },
      "id": "a"
    },
    {
      "frame": {
        "height": 40.0,
        "width": 120.0,
        "x": 0.0,
        "y": 96.0
      },
      "id": "b"
    },
    {
      "frame": {
        "height": 40.0,
        "width": 120.0,
        "x": 14.399999999999991,
        "y": 176.0
      },
      "id": "c"
    },
    {
      "frame": {
        "height": 40.0,
        "width": 120.0,
        "x": 14.399999999999991,
        "y": 272.0
      },
      "id": "d"
    }
  ]
}
