---
source: crates/plotgram-layout/tests/hierarchical_coordinates.rs
expression: "layout_json(graph, Size::new(120.0, 40.0))"
---
{
  "edges": [
    {
      "from_port": {
        "along": {
          "LocalOffset": {
            "x": 39.99999999999999,
            "y": 40.0
          }
        },
        "side": "south"
      },
      "id": "e0",
      "path": {
        "polyline": {
          "points": [
            {
              "x": 60.0,
              "y": 40.0
            },
            {
              "x": 60.0,
              "y": 80.0
            }
          ]
        }
      },
      "source": "a",
      "target": "b",
      "to_port": {
        "along": {
          "Ordered": {
            "count": 1,
            "order": 0
          }
        },
        "side": "north"
      }
    },
    {
      "from_port": {
        "along": {
          "Ordered": {
            "count": 1,
            "order": 0
          }
        },
        "side": "south"
      },
      "id": "e1",
      "path": {
        "polyline": {
          "points": [
            {
              "x": 60.0,
              "y": 120.0
            },
            {
              "x": 60.0,
              "y": 140.0
            },
            {
              "x": 243.9882255071351,
              "y": 140.0
            },
            {
              "x": 243.9882255071351,
              "y": 160.0
            }
          ]
        }
      },
      "source": "b",
      "target": "c",
      "to_port": {
        "along": {
          "Ordered": {
            "count": 1,
            "order": 0
          }
        },
        "side": "north"
      }
    },
    {
      "from_port": {
        "along": {
          "Ordered": {
            "count": 1,
            "order": 0
          }
        },
        "side": "south"
      },
      "id": "e2",
      "path": {
        "polyline": {
          "points": [
            {
              "x": 243.9882255071351,
              "y": 200.0
            },
            {
              "x": 243.9882255071351,
              "y": 240.0
            }
          ]
        }
      },
      "source": "c",
      "target": "d",
      "to_port": {
        "along": {
          "LocalOffset": {
            "x": 79.9882255071351,
            "y": 0.0
          }
        },
        "side": "north"
      }
    },
    {
      "from_port": {
        "along": {
          "LocalOffset": {
            "x": 120.0,
            "y": 40.0
          }
        },
        "side": "south"
      },
      "id": "e3",
      "path": {
        "polyline": {
          "points": [
            {
              "x": 140.0,
              "y": 40.0
            },
            {
              "x": 140.0,
              "y": 220.0
            },
            {
              "x": 227.9882255071351,
              "y": 220.0
            },
            {
              "x": 227.9882255071351,
              "y": 240.0
            }
          ]
        }
      },
      "source": "a",
      "target": "d",
      "to_port": {
        "along": {
          "LocalOffset": {
            "x": 63.9882255071351,
            "y": 0.0
          }
        },
        "side": "north"
      }
    }
  ],
  "nodes": [
    {
      "frame": {
        "height": 40.0,
        "width": 120.0,
        "x": 20.000000000000007,
        "y": 0.0
      },
      "id": "a"
    },
    {
      "frame": {
        "height": 40.0,
        "width": 120.0,
        "x": 0.0,
        "y": 80.0
      },
      "id": "b"
    },
    {
      "frame": {
        "height": 40.0,
        "width": 120.0,
        "x": 183.9882255071351,
        "y": 160.0
      },
      "id": "c"
    },
    {
      "frame": {
        "height": 40.0,
        "width": 120.0,
        "x": 164.0,
        "y": 240.0
      },
      "id": "d"
    }
  ]
}
