---
source: crates/plotgram-layout/tests/hierarchical_coordinates.rs
expression: "layout_json(graph, Size::new(120.0, 40.0))"
---
{
  "edges": [
    {
      "from_port": {
        "along": {
          "LocalOffset": {
            "x": 79.99683222807957,
            "y": 40.0
          }
        },
        "side": "south"
      },
      "id": "e0",
      "path": {
        "polyline": {
          "points": [
            {
              "x": 79.99683222807957,
              "y": 40.0
            },
            {
              "x": 79.99683222807957,
              "y": 96.0
            }
          ]
        }
      },
      "source": "src",
      "target": "t0",
      "to_port": {
        "along": {
          "Ordered": {
            "count": 1,
            "order": 0
          }
        },
        "side": "north"
      }
    },
    {
      "from_port": {
        "along": {
          "LocalOffset": {
            "x": 104.0,
            "y": 40.0
          }
        },
        "side": "south"
      },
      "id": "e1",
      "path": {
        "polyline": {
          "points": [
            {
              "x": 104.0,
              "y": 40.0
            },
            {
              "x": 104.0,
              "y": 60.0
            },
            {
              "x": 147.99683222807957,
              "y": 60.0
            },
            {
              "x": 147.99683222807957,
              "y": 156.0
            },
            {
              "x": 63.99683222807957,
              "y": 156.0
            },
            {
              "x": 63.99683222807957,
              "y": 192.0
            }
          ]
        }
      },
      "source": "src",
      "target": "t1",
      "to_port": {
        "along": {
          "LocalOffset": {
            "x": 63.99683222807957,
            "y": 0.0
          }
        },
        "side": "north"
      }
    },
    {
      "from_port": {
        "along": {
          "LocalOffset": {
            "x": 120.0,
            "y": 40.0
          }
        },
        "side": "south"
      },
      "id": "e2",
      "path": {
        "polyline": {
          "points": [
            {
              "x": 120.0,
              "y": 40.0
            },
            {
              "x": 120.0,
              "y": 60.0
            },
            {
              "x": 247.99683222807957,
              "y": 60.0
            },
            {
              "x": 247.99683222807957,
              "y": 96.0
            }
          ]
        }
      },
      "source": "src",
      "target": "t2",
      "to_port": {
        "along": {
          "Ordered": {
            "count": 1,
            "order": 0
          }
        },
        "side": "north"
      }
    },
    {
      "from_port": {
        "along": {
          "Ordered": {
            "count": 1,
            "order": 0
          }
        },
        "side": "south"
      },
      "id": "e3",
      "path": {
        "polyline": {
          "points": [
            {
              "x": 79.99683222807957,
              "y": 136.0
            },
            {
              "x": 79.99683222807957,
              "y": 192.0
            }
          ]
        }
      },
      "source": "t0",
      "target": "t1",
      "to_port": {
        "along": {
          "LocalOffset": {
            "x": 79.99683222807957,
            "y": 0.0
          }
        },
        "side": "north"
      }
    }
  ],
  "nodes": [
    {
      "frame": {
        "height": 40.0,
        "width": 120.0,
        "x": 0.0,
        "y": 0.0
      },
      "id": "src"
    },
    {
      "frame": {
        "height": 40.0,
        "width": 120.0,
        "x": 19.99683222807957,
        "y": 96.0
      },
      "id": "t0"
    },
    {
      "frame": {
        "height": 40.0,
        "width": 120.0,
        "x": 0.0,
        "y": 192.0
      },
      "id": "t1"
    },
    {
      "frame": {
        "height": 40.0,
        "width": 120.0,
        "x": 187.99683222807957,
        "y": 96.0
      },
      "id": "t2"
    }
  ]
}
