---
source: crates/plotgram-layout/src/layout/hierarchical/strong_macro/mod.rs
assertion_line: 777
expression: frames
---
[
  {
    "h": 32.0,
    "id": "scheduler",
    "w": 80.0,
    "x": 52.0,
    "y": 152.0
  },
  {
    "h": 32.0,
    "id": "executor",
    "w": 80.0,
    "x": 52.0,
    "y": 224.0
  },
  {
    "h": 32.0,
    "id": "meta_db",
    "w": 80.0,
    "x": 52.0,
    "y": 352.0
  },
  {
    "h": 32.0,
    "id": "job_a",
    "w": 80.0,
    "x": 0.0,
    "y": 0.0
  },
  {
    "h": 32.0,
    "id": "job_b",
    "w": 80.0,
    "x": 104.0,
    "y": 0.0
  }
]
